2026-07-28 09:00:11 INFO Admin logged in
2026-07-28 09:01:25 INFO Product added successfully
2026-07-28 09:02:40 WARNING Low stock for Product ID 101
2026-07-28 09:03:15 INFO Stock updated for Product ID 205
2026-07-28 09:04:20 ERROR Database connection failed
2026-07-28 09:05:45 INFO New supplier added
2026-07-28 09:06:30 WARNING Duplicate Product ID detected
2026-07-28 09:07:18 ERROR Failed to update stock
2026-07-28 09:08:25 INFO Product deleted successfully
2026-07-28 09:09:52 INFO Admin logged out
2026-07-28 09:10:15 INFO New product category created
2026-07-28 09:11:08 ERROR Invalid Product ID
2026-07-28 09:12:44 INFO Inventory report generated
2026-07-28 09:13:19 WARNING High CPU usage
2026-07-28 09:14:32 INFO Product searched
2026-07-28 09:15:27 ERROR Failed to connect to supplier server
2026-07-28 09:16:50 INFO Stock restocked successfully
2026-07-28 09:17:13 WARNING Multiple failed login attempts
2026-07-28 09:18:40 INFO Product details updated
2026-07-28 09:19:55 ERROR File not found while exporting report